<?xml version="1.0" encoding="utf-8"?><testsuites><testsuite name="pytest" errors="0" failures="0" skipped="0" tests="1" time="0.067" timestamp="2024-12-03T18:42:26.852334-07:00" hostname="TM-Zen4"><testcase classname="backend.tests.test_placeholder" name="test_placeholder" time="0.001" /></testsuite></testsuites>